components/kpi/KPIAssignmentManager.tsx(97,17): error TS2304: Cannot find name 'getMyKPIAssignments'.
components/kpi/KPIAssignmentManager.tsx(173,29): error TS2552: Cannot find name 'createKPIAssignment'. Did you mean 'updateKPIAssignment'?
